\BOOKMARK [1][-]{section*.5}{\376\377\000I\000n\000t\000r\000o\000d\000u\000c\000t\000i\000o\000n}{}% 1
\BOOKMARK [1][-]{section.1}{\376\377\000P\000r\000\351\000s\000e\000n\000t\000a\000t\000i\000o\000n\000\040\000d\000e\000\040\000l\000a\000\040\000s\000t\000r\000u\000c\000t\000u\000r\000e\000\040\000d\000'\000a\000c\000c\000u\000e\000i\000l}{}% 2
\BOOKMARK [2][-]{subsection.1.1}{\376\377\000P\000r\000\351\000s\000e\000n\000t\000a\000t\000i\000o\000n\000\040\000d\000u\000\040\000l\000a\000b\000o\000r\000a\000t\000o\000i\000r\000e}{section.1}% 3
\BOOKMARK [2][-]{subsection.1.2}{\376\377\000\311\000q\000u\000i\000p\000e\000\040\000E\000D\000y\000F\000I\000\040\040\023\000\040\000E\000s\000t\000i\000m\000a\000t\000i\000o\000n\000\040\000D\000y\000n\000a\000m\000i\000q\000u\000e\000\040\000e\000t\000\040\000F\000u\000s\000i\000o\000n\000\040\000d\000'\000I\000n\000f\000o\000r\000m\000a\000t\000i\000o\000n\000s}{section.1}% 4
\BOOKMARK [2][-]{subsection.1.3}{\376\377\000A\000c\000t\000i\000v\000i\000t\000\351\000s\000\040\000e\000t\000\040\000c\000o\000n\000t\000e\000x\000t\000e\000\040\000d\000e\000\040\000r\000e\000c\000h\000e\000r\000c\000h\000e}{section.1}% 5
\BOOKMARK [2][-]{subsection.1.4}{\376\377\000L\000e\000\040\000s\000e\000r\000v\000i\000c\000e\000\040\000d\000'\000a\000c\000c\000u\000e\000i\000l\000\040\000e\000t\000\040\000m\000o\000n\000\040\000p\000o\000s\000i\000t\000i\000o\000n\000n\000e\000m\000e\000n\000t}{section.1}% 6
\BOOKMARK [1][-]{section.2}{\376\377\000C\000o\000n\000t\000e\000x\000t\000e\000\040\000e\000t\000\040\000o\000b\000j\000e\000c\000t\000i\000f\000s\000\040\000d\000u\000\040\000s\000t\000a\000g\000e}{}% 7
\BOOKMARK [2][-]{subsection.2.1}{\376\377\000S\000u\000j\000e\000t\000\040\000e\000t\000\040\000m\000i\000s\000s\000i\000o\000n\000s}{section.2}% 8
\BOOKMARK [2][-]{subsection.2.2}{\376\377\000\311\000t\000a\000t\000\040\000d\000e\000\040\000l\000'\000a\000r\000t\000\040\000e\000t\000\040\000b\000i\000b\000l\000i\000o\000g\000r\000a\000p\000h\000i\000e}{section.2}% 9
\BOOKMARK [3][-]{subsubsection.2.2.1}{\376\377\000U\000S\000V\000\040\000e\000t\000\040\000c\000o\000l\000l\000e\000c\000t\000e\000\040\000d\000e\000\040\000d\000\351\000c\000h\000e\000t\000s\000\040\000m\000a\000r\000i\000n\000s}{subsection.2.2}% 10
\BOOKMARK [3][-]{subsubsection.2.2.2}{\376\377\000S\000i\000m\000u\000l\000a\000t\000i\000o\000n\000\040\000m\000a\000r\000i\000t\000i\000m\000e\000\040\000:\000\040\000V\000R\000X\000\040\000e\000t\000\040\000G\000a\000z\000e\000b\000o}{subsection.2.2}% 11
\BOOKMARK [3][-]{subsubsection.2.2.3}{\376\377\000R\000V\000i\000z\0002}{subsection.2.2}% 12
\BOOKMARK [3][-]{subsubsection.2.2.4}{\376\377\000M\000i\000d\000d\000l\000e\000w\000a\000r\000e\000\040\000R\000O\000S\000\040\0002}{subsection.2.2}% 13
\BOOKMARK [3][-]{subsubsection.2.2.5}{\376\377\000M\000o\000d\000\351\000l\000i\000s\000a\000t\000i\000o\000n\000\040\000d\000e\000s\000\040\000v\000\351\000h\000i\000c\000u\000l\000e\000s\000\040\000m\000a\000r\000i\000n\000s}{subsection.2.2}% 14
\BOOKMARK [1][-]{section.3}{\376\377\000M\000i\000s\000e\000\040\000e\000n\000\040\000p\000l\000a\000c\000e\000\040\000d\000e\000\040\000l\000'\000e\000n\000v\000i\000r\000o\000n\000n\000e\000m\000e\000n\000t\000\040\000d\000e\000\040\000s\000i\000m\000u\000l\000a\000t\000i\000o\000n}{}% 15
\BOOKMARK [2][-]{subsection.3.1}{\376\377\000C\000h\000a\000\356\000n\000e\000\040\000l\000o\000g\000i\000c\000i\000e\000l\000l\000e}{section.3}% 16
\BOOKMARK [2][-]{subsection.3.2}{\376\377\000A\000r\000c\000h\000i\000t\000e\000c\000t\000u\000r\000e\000\040\000d\000e\000\040\000c\000o\000m\000m\000u\000n\000i\000c\000a\000t\000i\000o\000n}{section.3}% 17
\BOOKMARK [2][-]{subsection.3.3}{\376\377\000D\000i\000f\000f\000i\000c\000u\000l\000t\000\351\000s\000\040\000r\000e\000n\000c\000o\000n\000t\000r\000\351\000e\000s}{section.3}% 18
\BOOKMARK [1][-]{section.4}{\376\377\000P\000r\000o\000t\000o\000c\000o\000l\000e\000\040\000e\000x\000p\000\351\000r\000i\000m\000e\000n\000t\000a\000l\000\040\000d\000e\000\040\000v\000a\000l\000i\000d\000a\000t\000i\000o\000n}{}% 19
\BOOKMARK [2][-]{subsection.4.1}{\376\377\000P\000r\000i\000n\000c\000i\000p\000e}{section.4}% 20
\BOOKMARK [2][-]{subsection.4.2}{\376\377\000T\000a\000b\000l\000e\000\040\000d\000e\000s\000\040\000e\000x\000p\000\351\000r\000i\000e\000n\000c\000e\000s}{section.4}% 21
\BOOKMARK [2][-]{subsection.4.3}{\376\377\000J\000u\000s\000t\000i\000f\000i\000c\000a\000t\000i\000o\000n\000\040\000d\000u\000\040\000c\000h\000o\000i\000x\000\040\000d\000e\000s\000\040\000c\000o\000n\000s\000i\000g\000n\000e\000s}{section.4}% 22
\BOOKMARK [2][-]{subsection.4.4}{\376\377\000S\000\351\000q\000u\000e\000n\000c\000e\000m\000e\000n\000t\000\040\000e\000t\000\040\000s\000\351\000c\000u\000r\000i\000t\000\351\000\040\000d\000u\000\040\000s\000c\000\351\000n\000a\000r\000i\000o}{section.4}% 23
\BOOKMARK [1][-]{section.5}{\376\377\000C\000h\000a\000\356\000n\000e\000\040\000d\000'\000a\000c\000q\000u\000i\000s\000i\000t\000i\000o\000n\000\040\000d\000e\000s\000\040\000d\000o\000n\000n\000\351\000e\000s}{}% 24
\BOOKMARK [2][-]{subsection.5.1}{\376\377\000G\000r\000a\000n\000d\000e\000u\000r\000s\000\040\000e\000n\000r\000e\000g\000i\000s\000t\000r\000\351\000e\000s}{section.5}% 25
\BOOKMARK [2][-]{subsection.5.2}{\376\377\000E\000s\000t\000i\000m\000a\000t\000i\000o\000n\000\040\000d\000e\000s\000\040\000v\000i\000t\000e\000s\000s\000e\000s\000\040\000c\000o\000r\000p\000s}{section.5}% 26
\BOOKMARK [1][-]{section.6}{\376\377\000R\000e\000p\000r\000\351\000s\000e\000n\000t\000a\000t\000i\000o\000n\000\040\000d\000u\000\040\000m\000o\000d\000\350\000l\000e\000\040\000d\000e\000\040\000F\000o\000s\000s\000e\000n}{}% 27
\BOOKMARK [2][-]{subsection.6.1}{\376\377\000C\000o\000n\000t\000e\000x\000t\000e\000\040\000h\000i\000s\000t\000o\000r\000i\000q\000u\000e\000\040\000e\000t\000\040\000m\000o\000t\000i\000v\000a\000t\000i\000o\000n}{section.6}% 28
\BOOKMARK [2][-]{subsection.6.2}{\376\377\000F\000o\000r\000m\000u\000l\000a\000t\000i\000o\000n\000\040\000g\000\351\000n\000\351\000r\000a\000l\000e\000\040\000e\000n\000\040\000s\000i\000x\000\040\000d\000e\000g\000r\000\351\000s\000\040\000d\000e\000\040\000l\000i\000b\000e\000r\000t\000\351}{section.6}% 29
\BOOKMARK [3][-]{subsubsection.6.2.1}{\376\377\000\311\000q\000u\000a\000t\000i\000o\000n\000s\000\040\000d\000u\000\040\000m\000o\000u\000v\000e\000m\000e\000n\000t}{subsection.6.2}% 30
\BOOKMARK [3][-]{subsubsection.6.2.2}{\376\377\000C\000i\000n\000\351\000m\000a\000t\000i\000q\000u\000e}{subsection.6.2}% 31
\BOOKMARK [2][-]{subsection.6.3}{\376\377\000P\000a\000r\000a\000m\000\350\000t\000r\000e\000s\000\040\000h\000y\000d\000r\000o\000d\000y\000n\000a\000m\000i\000q\000u\000e\000s\000\040\000d\000u\000\040\000m\000o\000d\000\350\000l\000e}{section.6}% 32
\BOOKMARK [3][-]{subsubsection.6.3.1}{\376\377\000C\000i\000n\000\351\000t\000i\000q\000u\000e}{subsection.6.3}% 33
\BOOKMARK [2][-]{subsection.6.4}{\376\377\000\311\000q\000u\000a\000t\000i\000o\000n\000s\000\040\000d\000u\000\040\000m\000o\000u\000v\000e\000m\000e\000n\000t\000\040\000r\000e\000l\000a\000t\000i\000f\000\040\000e\000t\000\040\000f\000o\000r\000c\000e\000s\000\040\000e\000n\000v\000i\000r\000o\000n\000n\000e\000m\000e\000n\000t\000a\000l\000e\000s}{section.6}% 34
\BOOKMARK [2][-]{subsection.6.5}{\376\377\000R\000\351\000d\000u\000c\000t\000i\000o\000n\000\040\000a\000u\000\040\000c\000a\000s\000\040\0003\000-\000D\000O\000F\000\040\000d\000'\000u\000n\000\040\000v\000\351\000h\000i\000c\000u\000l\000e\000\040\000d\000e\000\040\000s\000u\000r\000f\000a\000c\000e}{section.6}% 35
\BOOKMARK [2][-]{subsection.6.6}{\376\377\000T\000o\000r\000s\000e\000u\000r\000\040\000d\000e\000\040\000p\000r\000o\000p\000u\000l\000s\000i\000o\000n\000\040\000p\000a\000r\000\040\000p\000o\000u\000s\000s\000\351\000e\000\040\000d\000i\000f\000f\000\351\000r\000e\000n\000t\000i\000e\000l\000l\000e}{section.6}% 36
\BOOKMARK [2][-]{subsection.6.7}{\376\377\000M\000o\000d\000\351\000l\000i\000s\000a\000t\000i\000o\000n\000\040\000d\000e\000s\000\040\000f\000o\000r\000c\000e\000s\000\040\000d\000e\000\040\000v\000e\000n\000t\000\040\000e\000t\000\040\000d\000e\000\040\000h\000o\000u\000l\000e}{section.6}% 37
\BOOKMARK [3][-]{subsubsection.6.7.1}{\376\377\000F\000o\000r\000c\000e\000s\000\040\000d\000e\000\040\000v\000e\000n\000t}{subsection.6.7}% 38
\BOOKMARK [3][-]{subsubsection.6.7.2}{\376\377\000F\000o\000r\000c\000e\000s\000\040\000d\000e\000s\000\040\000v\000a\000g\000u\000e\000s}{subsection.6.7}% 39
\BOOKMARK [1][-]{section.7}{\376\377\000V\000a\000l\000i\000d\000a\000t\000i\000o\000n}{}% 40
\BOOKMARK [2][-]{subsection.7.1}{\376\377\000M\000\351\000t\000h\000o\000d\000e}{section.7}% 41
\BOOKMARK [2][-]{subsection.7.2}{\376\377\000M\000\351\000t\000r\000i\000q\000u\000e\000s\000\040\000d\000e\000\040\000v\000a\000l\000i\000d\000a\000t\000i\000o\000n}{section.7}% 42
\BOOKMARK [2][-]{subsection.7.3}{\376\377\000R\000\351\000s\000u\000l\000t\000a\000t\000s}{section.7}% 43
\BOOKMARK [3][-]{subsubsection.7.3.1}{\376\377\000E\000x\000p\000\351\000r\000i\000e\000n\000c\000e\000\040\000n\000\260\0001}{subsection.7.3}% 44
\BOOKMARK [3][-]{subsubsection.7.3.2}{\376\377\000E\000x\000p\000\351\000r\000i\000e\000n\000c\000e\000\040\000n\000\260\0002}{subsection.7.3}% 45
\BOOKMARK [3][-]{subsubsection.7.3.3}{\376\377\000E\000x\000p\000\351\000r\000i\000e\000n\000c\000e\000\040\000n\000\260\0003}{subsection.7.3}% 46
\BOOKMARK [1][-]{section.8}{\376\377\000G\000u\000i\000d\000a\000g\000e\000\040\000e\000t\000\040\000c\000o\000n\000t\000r\000\364\000l\000e\000\040\000d\000u\000\040\000c\000a\000t\000a\000m\000a\000r\000a\000n}{}% 47
\BOOKMARK [2][-]{subsection.8.1}{\376\377\000S\000t\000r\000a\000t\000\351\000g\000i\000e\000\040\000d\000e\000\040\000g\000u\000i\000d\000a\000g\000e}{section.8}% 48
\BOOKMARK [2][-]{subsection.8.2}{\376\377\000A\000r\000c\000h\000i\000t\000e\000c\000t\000u\000r\000e\000\040\000l\000o\000g\000i\000c\000i\000e\000l\000l\000e\000\040\000d\000u\000\040\000f\000l\000u\000x\000\040\000d\000e\000\040\000g\000u\000i\000d\000a\000g\000e}{section.8}% 49
\BOOKMARK [2][-]{subsection.8.3}{\376\377\000L\000o\000i\000\040\000d\000e\000\040\000c\000o\000m\000m\000a\000n\000d\000e\000\040\000e\000t\000\040\000r\000\351\000p\000a\000r\000t\000i\000t\000i\000o\000n\000\040\000d\000e\000s\000\040\000p\000o\000u\000s\000s\000\351\000e\000s}{section.8}% 50
\BOOKMARK [2][-]{subsection.8.4}{\376\377\000R\000\351\000s\000u\000l\000t\000a\000t\000s\000\040\000d\000e\000\040\000s\000i\000m\000u\000l\000a\000t\000i\000o\000n\000\040\000e\000t\000\040\000a\000n\000a\000l\000y\000s\000e}{section.8}% 51
\BOOKMARK [2][-]{subsection.8.5}{\376\377\000L\000i\000m\000i\000t\000e\000s\000\040\000e\000t\000\040\000p\000e\000r\000s\000p\000e\000c\000t\000i\000v\000e\000s\000\040\000d\000'\000a\000m\000\351\000l\000i\000o\000r\000a\000t\000i\000o\000n}{section.8}% 52
\BOOKMARK [1][-]{section.9}{\376\377\000C\000o\000n\000c\000l\000u\000s\000i\000o\000n\000\040\000g\000\351\000n\000\351\000r\000a\000l\000e\000\040\000e\000t\000\040\000p\000e\000r\000s\000p\000e\000c\000t\000i\000v\000e\000s}{}% 53
\BOOKMARK [2][-]{subsection.9.1}{\376\377\000P\000e\000r\000s\000p\000e\000c\000t\000i\000v\000e\000s}{section.9}% 54
\BOOKMARK [1][-]{section*.46}{\376\377\000B\000i\000b\000l\000i\000o\000g\000r\000a\000p\000h\000i\000e}{}% 55
\BOOKMARK [1][-]{appendix.A}{\376\377\000G\000l\000o\000s\000s\000a\000i\000r\000e\000\040\000d\000e\000s\000\040\000v\000a\000r\000i\000a\000b\000l\000e\000s\000\040\000d\000u\000\040\000m\000o\000d\000\350\000l\000e\000\040\000d\000e\000\040\000F\000o\000s\000s\000e\000n\000\040\0003\000-\000D\000O\000F}{}% 56
\BOOKMARK [1][-]{appendix.B}{\376\377\000R\000e\000l\000a\000t\000i\000o\000n\000s\000\040\000m\000a\000t\000h\000\351\000m\000a\000t\000i\000q\000u\000e\000s\000\040\000i\000m\000p\000l\000a\000n\000t\000\351\000e\000s\000\040\000d\000a\000n\000s\000\040\000l\000e\000s\000\040\000c\000o\000d\000e\000s}{}% 57
\BOOKMARK [2][-]{subsection.B.1}{\376\377\000M\000e\000s\000u\000r\000e\000s\000\040\000e\000t\000\040\000p\000r\000\351\000t\000r\000a\000i\000t\000e\000m\000e\000n\000t\000s}{appendix.B}% 58
\BOOKMARK [2][-]{subsection.B.2}{\376\377\000M\000o\000d\000\350\000l\000e\000\040\000d\000e\000\040\000F\000o\000s\000s\000e\000n\000\040\0003\000-\000D\000D\000L}{appendix.B}% 59
\BOOKMARK [2][-]{subsection.B.3}{\376\377\000F\000o\000r\000c\000e\000s\000\040\000d\000'\000e\000n\000v\000i\000r\000o\000n\000n\000e\000m\000e\000n\000t}{appendix.B}% 60
\BOOKMARK [2][-]{subsection.B.4}{\376\377\000C\000o\000m\000p\000a\000r\000a\000i\000s\000o\000n\000\040\000a\000v\000e\000c\000\040\000l\000'\000a\000c\000c\000\351\000l\000\351\000r\000o\000m\000\350\000t\000r\000e}{appendix.B}% 61
\BOOKMARK [2][-]{subsection.B.5}{\376\377\000C\000i\000n\000\351\000m\000a\000t\000i\000q\000u\000e\000\040\000i\000n\000t\000\351\000g\000r\000\351\000e}{appendix.B}% 62
